{
  "seed": 12345,
  "targetSamplesPerType": 4000,
  "actualSamplesPerType": {
    "integer": 4000,
    "byteArray": 4000,
    "list": 4000,
    "map": 4000,
    "constr": 4000,
    "data": 4000
  },
  "types": ["integer", "byteArray", "list", "map", "constr", "data"],
  "totalSamples": 24000,
  "uniquenessGuaranteed": true
}
